Archive member included because of file (symbol)

/usr/lib/gcc/avr/4.7.2/avr5/libgcc.a(_exit.o)
                              /usr/lib/gcc/avr/4.7.2/../../../avr/lib/avr5/crtm328p.o (exit)
/usr/lib/gcc/avr/4.7.2/avr5/libgcc.a(_copy_data.o)
                              main.o (__do_copy_data)
/usr/lib/gcc/avr/4.7.2/../../../avr/lib/avr5/libc.a(sprintf.o)
                              main.o (sprintf)
/usr/lib/gcc/avr/4.7.2/../../../avr/lib/avr5/libc.a(vfprintf_std.o)
                              /usr/lib/gcc/avr/4.7.2/../../../avr/lib/avr5/libc.a(sprintf.o) (vfprintf)
/usr/lib/gcc/avr/4.7.2/../../../avr/lib/avr5/libc.a(strnlen_P.o)
                              /usr/lib/gcc/avr/4.7.2/../../../avr/lib/avr5/libc.a(vfprintf_std.o) (strnlen_P)
/usr/lib/gcc/avr/4.7.2/../../../avr/lib/avr5/libc.a(strnlen.o)
                              /usr/lib/gcc/avr/4.7.2/../../../avr/lib/avr5/libc.a(vfprintf_std.o) (strnlen)
/usr/lib/gcc/avr/4.7.2/../../../avr/lib/avr5/libc.a(fputc.o)
                              /usr/lib/gcc/avr/4.7.2/../../../avr/lib/avr5/libc.a(vfprintf_std.o) (fputc)
/usr/lib/gcc/avr/4.7.2/../../../avr/lib/avr5/libc.a(ultoa_invert.o)
                              /usr/lib/gcc/avr/4.7.2/../../../avr/lib/avr5/libc.a(vfprintf_std.o) (__ultoa_invert)
/usr/lib/gcc/avr/4.7.2/avr5/libgcc.a(_prologue.o)
                              /usr/lib/gcc/avr/4.7.2/../../../avr/lib/avr5/libc.a(sprintf.o) (__prologue_saves__)
/usr/lib/gcc/avr/4.7.2/avr5/libgcc.a(_epilogue.o)
                              /usr/lib/gcc/avr/4.7.2/../../../avr/lib/avr5/libc.a(sprintf.o) (__epilogue_restores__)

Memory Configuration

Name             Origin             Length             Attributes
text             0x00000000         0x00020000         xr
data             0x00800060         0x0000ffa0         rw !x
eeprom           0x00810000         0x00010000         rw !x
fuse             0x00820000         0x00000400         rw !x
lock             0x00830000         0x00000400         rw !x
signature        0x00840000         0x00000400         rw !x
*default*        0x00000000         0xffffffff

Linker script and memory map

Address of section .data set to 0x800100
LOAD /usr/lib/gcc/avr/4.7.2/../../../avr/lib/avr5/crtm328p.o
LOAD main.o
LOAD /usr/lib/gcc/avr/4.7.2/../../../avr/lib/avr5/libm.a
LOAD /usr/lib/gcc/avr/4.7.2/avr5/libgcc.a
LOAD /usr/lib/gcc/avr/4.7.2/../../../avr/lib/avr5/libc.a
LOAD /usr/lib/gcc/avr/4.7.2/avr5/libgcc.a

.hash
 *(.hash)

.dynsym
 *(.dynsym)

.dynstr
 *(.dynstr)

.gnu.version
 *(.gnu.version)

.gnu.version_d
 *(.gnu.version_d)

.gnu.version_r
 *(.gnu.version_r)

.rel.init
 *(.rel.init)

.rela.init
 *(.rela.init)

.rel.text
 *(.rel.text)
 *(.rel.text.*)
 *(.rel.gnu.linkonce.t*)

.rela.text
 *(.rela.text)
 *(.rela.text.*)
 *(.rela.gnu.linkonce.t*)

.rel.fini
 *(.rel.fini)

.rela.fini
 *(.rela.fini)

.rel.rodata
 *(.rel.rodata)
 *(.rel.rodata.*)
 *(.rel.gnu.linkonce.r*)

.rela.rodata
 *(.rela.rodata)
 *(.rela.rodata.*)
 *(.rela.gnu.linkonce.r*)

.rel.data
 *(.rel.data)
 *(.rel.data.*)
 *(.rel.gnu.linkonce.d*)

.rela.data
 *(.rela.data)
 *(.rela.data.*)
 *(.rela.gnu.linkonce.d*)

.rel.ctors
 *(.rel.ctors)

.rela.ctors
 *(.rela.ctors)

.rel.dtors
 *(.rel.dtors)

.rela.dtors
 *(.rela.dtors)

.rel.got
 *(.rel.got)

.rela.got
 *(.rela.got)

.rel.bss
 *(.rel.bss)

.rela.bss
 *(.rela.bss)

.rel.plt
 *(.rel.plt)

.rela.plt
 *(.rela.plt)

.text           0x00000000      0x6f2
 *(.vectors)
 .vectors       0x00000000       0x68 /usr/lib/gcc/avr/4.7.2/../../../avr/lib/avr5/crtm328p.o
                0x00000000                __vectors
                0x00000000                __vector_default
 *(.vectors)
 *(.progmem.gcc*)
 *(.progmem*)
                0x00000068                . = ALIGN (0x2)
                0x00000068                __trampolines_start = .
 *(.trampolines)
 .trampolines   0x00000068        0x0 linker stubs
 *(.trampolines*)
                0x00000068                __trampolines_end = .
 *(.jumptables)
 *(.jumptables*)
 *(.lowtext)
 *(.lowtext*)
                0x00000068                __ctors_start = .
 *(.ctors)
                0x00000068                __ctors_end = .
                0x00000068                __dtors_start = .
 *(.dtors)
                0x00000068                __dtors_end = .
 SORT(*)(.ctors)
 SORT(*)(.dtors)
 *(.init0)
 .init0         0x00000068        0x0 /usr/lib/gcc/avr/4.7.2/../../../avr/lib/avr5/crtm328p.o
                0x00000068                __init
 *(.init0)
 *(.init1)
 *(.init1)
 *(.init2)
 .init2         0x00000068        0xc /usr/lib/gcc/avr/4.7.2/../../../avr/lib/avr5/crtm328p.o
 *(.init2)
 *(.init3)
 *(.init3)
 *(.init4)
 .init4         0x00000074       0x16 /usr/lib/gcc/avr/4.7.2/avr5/libgcc.a(_copy_data.o)
                0x00000074                __do_copy_data
 *(.init4)
 *(.init5)
 *(.init5)
 *(.init6)
 *(.init6)
 *(.init7)
 *(.init7)
 *(.init8)
 *(.init8)
 *(.init9)
 .init9         0x0000008a        0x8 /usr/lib/gcc/avr/4.7.2/../../../avr/lib/avr5/crtm328p.o
 *(.init9)
 *(.text)
 .text          0x00000092        0x4 /usr/lib/gcc/avr/4.7.2/../../../avr/lib/avr5/crtm328p.o
                0x00000092                __vector_22
                0x00000092                __vector_1
                0x00000092                __vector_24
                0x00000092                __vector_12
                0x00000092                __bad_interrupt
                0x00000092                __vector_6
                0x00000092                __vector_3
                0x00000092                __vector_23
                0x00000092                __vector_25
                0x00000092                __vector_11
                0x00000092                __vector_13
                0x00000092                __vector_17
                0x00000092                __vector_19
                0x00000092                __vector_7
                0x00000092                __vector_5
                0x00000092                __vector_4
                0x00000092                __vector_9
                0x00000092                __vector_2
                0x00000092                __vector_21
                0x00000092                __vector_15
                0x00000092                __vector_8
                0x00000092                __vector_14
                0x00000092                __vector_10
                0x00000092                __vector_16
                0x00000092                __vector_18
                0x00000092                __vector_20
 .text          0x00000096        0x0 main.o
 .text          0x00000096        0x0 /usr/lib/gcc/avr/4.7.2/avr5/libgcc.a(_exit.o)
 .text          0x00000096        0x0 /usr/lib/gcc/avr/4.7.2/avr5/libgcc.a(_copy_data.o)
 .text          0x00000096        0x0 /usr/lib/gcc/avr/4.7.2/../../../avr/lib/avr5/libc.a(sprintf.o)
 .text          0x00000096        0x0 /usr/lib/gcc/avr/4.7.2/../../../avr/lib/avr5/libc.a(vfprintf_std.o)
 .text          0x00000096        0x0 /usr/lib/gcc/avr/4.7.2/../../../avr/lib/avr5/libc.a(strnlen_P.o)
 .text          0x00000096        0x0 /usr/lib/gcc/avr/4.7.2/../../../avr/lib/avr5/libc.a(strnlen.o)
 .text          0x00000096        0x0 /usr/lib/gcc/avr/4.7.2/../../../avr/lib/avr5/libc.a(fputc.o)
 .text          0x00000096        0x0 /usr/lib/gcc/avr/4.7.2/../../../avr/lib/avr5/libc.a(ultoa_invert.o)
 .text          0x00000096        0x0 /usr/lib/gcc/avr/4.7.2/avr5/libgcc.a(_prologue.o)
 .text          0x00000096        0x0 /usr/lib/gcc/avr/4.7.2/avr5/libgcc.a(_epilogue.o)
                0x00000096                . = ALIGN (0x2)
 *(.text.*)
 .text.startup  0x00000096       0xa8 main.o
                0x00000096                main
 .text.libgcc.mul
                0x0000013e        0x0 /usr/lib/gcc/avr/4.7.2/avr5/libgcc.a(_exit.o)
 .text.libgcc.div
                0x0000013e        0x0 /usr/lib/gcc/avr/4.7.2/avr5/libgcc.a(_exit.o)
 .text.libgcc   0x0000013e        0x0 /usr/lib/gcc/avr/4.7.2/avr5/libgcc.a(_exit.o)
 .text.libgcc.prologue
                0x0000013e        0x0 /usr/lib/gcc/avr/4.7.2/avr5/libgcc.a(_exit.o)
 .text.libgcc.builtins
                0x0000013e        0x0 /usr/lib/gcc/avr/4.7.2/avr5/libgcc.a(_exit.o)
 .text.libgcc.fmul
                0x0000013e        0x0 /usr/lib/gcc/avr/4.7.2/avr5/libgcc.a(_exit.o)
 .text.libgcc.mul
                0x0000013e        0x0 /usr/lib/gcc/avr/4.7.2/avr5/libgcc.a(_copy_data.o)
 .text.libgcc.div
                0x0000013e        0x0 /usr/lib/gcc/avr/4.7.2/avr5/libgcc.a(_copy_data.o)
 .text.libgcc   0x0000013e        0x0 /usr/lib/gcc/avr/4.7.2/avr5/libgcc.a(_copy_data.o)
 .text.libgcc.prologue
                0x0000013e        0x0 /usr/lib/gcc/avr/4.7.2/avr5/libgcc.a(_copy_data.o)
 .text.libgcc.builtins
                0x0000013e        0x0 /usr/lib/gcc/avr/4.7.2/avr5/libgcc.a(_copy_data.o)
 .text.libgcc.fmul
                0x0000013e        0x0 /usr/lib/gcc/avr/4.7.2/avr5/libgcc.a(_copy_data.o)
 .text.avr-libc
                0x0000013e       0x48 /usr/lib/gcc/avr/4.7.2/../../../avr/lib/avr5/libc.a(sprintf.o)
                0x0000013e                sprintf
 .text.avr-libc
                0x00000186      0x3ba /usr/lib/gcc/avr/4.7.2/../../../avr/lib/avr5/libc.a(vfprintf_std.o)
                0x00000186                vfprintf
 .text.avr-libc
                0x00000540       0x16 /usr/lib/gcc/avr/4.7.2/../../../avr/lib/avr5/libc.a(strnlen_P.o)
                0x00000540                strnlen_P
 .text.avr-libc
                0x00000556       0x16 /usr/lib/gcc/avr/4.7.2/../../../avr/lib/avr5/libc.a(strnlen.o)
                0x00000556                strnlen
 .text.avr-libc
                0x0000056c       0x58 /usr/lib/gcc/avr/4.7.2/../../../avr/lib/avr5/libc.a(fputc.o)
                0x0000056c                fputc
 .text.avr-libc
                0x000005c4       0xbc /usr/lib/gcc/avr/4.7.2/../../../avr/lib/avr5/libc.a(ultoa_invert.o)
                0x000005c4                __ultoa_invert
 .text.libgcc.mul
                0x00000680        0x0 /usr/lib/gcc/avr/4.7.2/avr5/libgcc.a(_prologue.o)
 .text.libgcc.div
                0x00000680        0x0 /usr/lib/gcc/avr/4.7.2/avr5/libgcc.a(_prologue.o)
 .text.libgcc   0x00000680        0x0 /usr/lib/gcc/avr/4.7.2/avr5/libgcc.a(_prologue.o)
 .text.libgcc.prologue
                0x00000680       0x38 /usr/lib/gcc/avr/4.7.2/avr5/libgcc.a(_prologue.o)
                0x00000680                __prologue_saves__
 .text.libgcc.builtins
                0x000006b8        0x0 /usr/lib/gcc/avr/4.7.2/avr5/libgcc.a(_prologue.o)
 .text.libgcc.fmul
                0x000006b8        0x0 /usr/lib/gcc/avr/4.7.2/avr5/libgcc.a(_prologue.o)
 .text.libgcc.mul
                0x000006b8        0x0 /usr/lib/gcc/avr/4.7.2/avr5/libgcc.a(_epilogue.o)
 .text.libgcc.div
                0x000006b8        0x0 /usr/lib/gcc/avr/4.7.2/avr5/libgcc.a(_epilogue.o)
 .text.libgcc   0x000006b8        0x0 /usr/lib/gcc/avr/4.7.2/avr5/libgcc.a(_epilogue.o)
 .text.libgcc.prologue
                0x000006b8       0x36 /usr/lib/gcc/avr/4.7.2/avr5/libgcc.a(_epilogue.o)
                0x000006b8                __epilogue_restores__
 .text.libgcc.builtins
                0x000006ee        0x0 /usr/lib/gcc/avr/4.7.2/avr5/libgcc.a(_epilogue.o)
 .text.libgcc.fmul
                0x000006ee        0x0 /usr/lib/gcc/avr/4.7.2/avr5/libgcc.a(_epilogue.o)
                0x000006ee                . = ALIGN (0x2)
 *(.fini9)
 .fini9         0x000006ee        0x0 /usr/lib/gcc/avr/4.7.2/avr5/libgcc.a(_exit.o)
                0x000006ee                exit
                0x000006ee                _exit
 *(.fini9)
 *(.fini8)
 *(.fini8)
 *(.fini7)
 *(.fini7)
 *(.fini6)
 *(.fini6)
 *(.fini5)
 *(.fini5)
 *(.fini4)
 *(.fini4)
 *(.fini3)
 *(.fini3)
 *(.fini2)
 *(.fini2)
 *(.fini1)
 *(.fini1)
 *(.fini0)
 .fini0         0x000006ee        0x4 /usr/lib/gcc/avr/4.7.2/avr5/libgcc.a(_exit.o)
 *(.fini0)
                0x000006f2                _etext = .

.data           0x00800100       0x22 load address 0x000006f2
                0x00800100                PROVIDE (__data_start, .)
 *(.data)
 .data          0x00800100        0x0 /usr/lib/gcc/avr/4.7.2/../../../avr/lib/avr5/crtm328p.o
 .data          0x00800100        0x0 main.o
 .data          0x00800100        0x0 /usr/lib/gcc/avr/4.7.2/avr5/libgcc.a(_exit.o)
 .data          0x00800100        0x0 /usr/lib/gcc/avr/4.7.2/avr5/libgcc.a(_copy_data.o)
 .data          0x00800100        0x0 /usr/lib/gcc/avr/4.7.2/../../../avr/lib/avr5/libc.a(sprintf.o)
 .data          0x00800100        0x0 /usr/lib/gcc/avr/4.7.2/../../../avr/lib/avr5/libc.a(vfprintf_std.o)
 .data          0x00800100        0x0 /usr/lib/gcc/avr/4.7.2/../../../avr/lib/avr5/libc.a(strnlen_P.o)
 .data          0x00800100        0x0 /usr/lib/gcc/avr/4.7.2/../../../avr/lib/avr5/libc.a(strnlen.o)
 .data          0x00800100        0x0 /usr/lib/gcc/avr/4.7.2/../../../avr/lib/avr5/libc.a(fputc.o)
 .data          0x00800100        0x0 /usr/lib/gcc/avr/4.7.2/../../../avr/lib/avr5/libc.a(ultoa_invert.o)
 .data          0x00800100        0x0 /usr/lib/gcc/avr/4.7.2/avr5/libgcc.a(_prologue.o)
 .data          0x00800100        0x0 /usr/lib/gcc/avr/4.7.2/avr5/libgcc.a(_epilogue.o)
 *(.data*)
 *(.rodata)
 *(.rodata*)
 .rodata.str1.1
                0x00800100       0x21 main.o
 *(.gnu.linkonce.d*)
                0x00800122                . = ALIGN (0x2)
 *fill*         0x00800121        0x1 00
                0x00800122                _edata = .
                0x00800122                PROVIDE (__data_end, .)

.bss            0x00800122        0x0
                0x00800122                PROVIDE (__bss_start, .)
 *(.bss)
 .bss           0x00800122        0x0 /usr/lib/gcc/avr/4.7.2/../../../avr/lib/avr5/crtm328p.o
 .bss           0x00800122        0x0 main.o
 .bss           0x00800122        0x0 /usr/lib/gcc/avr/4.7.2/avr5/libgcc.a(_exit.o)
 .bss           0x00800122        0x0 /usr/lib/gcc/avr/4.7.2/avr5/libgcc.a(_copy_data.o)
 .bss           0x00800122        0x0 /usr/lib/gcc/avr/4.7.2/../../../avr/lib/avr5/libc.a(sprintf.o)
 .bss           0x00800122        0x0 /usr/lib/gcc/avr/4.7.2/../../../avr/lib/avr5/libc.a(vfprintf_std.o)
 .bss           0x00800122        0x0 /usr/lib/gcc/avr/4.7.2/../../../avr/lib/avr5/libc.a(strnlen_P.o)
 .bss           0x00800122        0x0 /usr/lib/gcc/avr/4.7.2/../../../avr/lib/avr5/libc.a(strnlen.o)
 .bss           0x00800122        0x0 /usr/lib/gcc/avr/4.7.2/../../../avr/lib/avr5/libc.a(fputc.o)
 .bss           0x00800122        0x0 /usr/lib/gcc/avr/4.7.2/../../../avr/lib/avr5/libc.a(ultoa_invert.o)
 .bss           0x00800122        0x0 /usr/lib/gcc/avr/4.7.2/avr5/libgcc.a(_prologue.o)
 .bss           0x00800122        0x0 /usr/lib/gcc/avr/4.7.2/avr5/libgcc.a(_epilogue.o)
 *(.bss*)
 *(COMMON)
                0x00800122                PROVIDE (__bss_end, .)
                0x000006f2                __data_load_start = LOADADDR (.data)
                0x00000714                __data_load_end = (__data_load_start + SIZEOF (.data))

.noinit         0x00800122        0x0
                0x00800122                PROVIDE (__noinit_start, .)
 *(.noinit*)
                0x00800122                PROVIDE (__noinit_end, .)
                0x00800122                _end = .
                0x00800122                PROVIDE (__heap_start, .)

.eeprom         0x00810000        0x0
 *(.eeprom*)
                0x00810000                __eeprom_end = .

.fuse
 *(.fuse)
 *(.lfuse)
 *(.hfuse)
 *(.efuse)

.lock
 *(.lock*)

.signature
 *(.signature*)

.stab           0x00000000     0x1c74
 *(.stab)
 .stab          0x00000000      0x6cc /usr/lib/gcc/avr/4.7.2/../../../avr/lib/avr5/crtm328p.o
 .stab          0x000006cc      0x3d8 /usr/lib/gcc/avr/4.7.2/../../../avr/lib/avr5/libc.a(sprintf.o)
                                0x3e4 (size before relaxing)
 .stab          0x00000aa4      0xa44 /usr/lib/gcc/avr/4.7.2/../../../avr/lib/avr5/libc.a(vfprintf_std.o)
                                0xc24 (size before relaxing)
 .stab          0x000014e8       0x9c /usr/lib/gcc/avr/4.7.2/../../../avr/lib/avr5/libc.a(strnlen_P.o)
                                 0xa8 (size before relaxing)
 .stab          0x00001584       0x9c /usr/lib/gcc/avr/4.7.2/../../../avr/lib/avr5/libc.a(strnlen.o)
                                 0xa8 (size before relaxing)
 .stab          0x00001620      0x1d4 /usr/lib/gcc/avr/4.7.2/../../../avr/lib/avr5/libc.a(fputc.o)
                                0x3b4 (size before relaxing)
 .stab          0x000017f4      0x480 /usr/lib/gcc/avr/4.7.2/../../../avr/lib/avr5/libc.a(ultoa_invert.o)
                                0x48c (size before relaxing)

.stabstr        0x00000000      0xb0f
 *(.stabstr)
 .stabstr       0x00000000      0xb0f /usr/lib/gcc/avr/4.7.2/../../../avr/lib/avr5/crtm328p.o

.stab.excl
 *(.stab.excl)

.stab.exclstr
 *(.stab.exclstr)

.stab.index
 *(.stab.index)

.stab.indexstr
 *(.stab.indexstr)

.comment        0x00000000       0x22
 *(.comment)
 .comment       0x00000000       0x11 main.o
                                 0x12 (size before relaxing)
 .comment       0x00000011       0x11 /usr/lib/gcc/avr/4.7.2/../../../avr/lib/avr5/libc.a(sprintf.o)
                                 0x12 (size before relaxing)
 .comment       0x00000000       0x12 /usr/lib/gcc/avr/4.7.2/../../../avr/lib/avr5/libc.a(vfprintf_std.o)
 .comment       0x00000000       0x12 /usr/lib/gcc/avr/4.7.2/../../../avr/lib/avr5/libc.a(fputc.o)

.debug
 *(.debug)

.line
 *(.line)

.debug_srcinfo
 *(.debug_srcinfo)

.debug_sfnames
 *(.debug_sfnames)

.debug_aranges  0x00000000       0x20
 *(.debug_aranges)
 .debug_aranges
                0x00000000       0x20 main.o

.debug_pubnames
 *(.debug_pubnames)

.debug_info     0x00000000      0x2b3
 *(.debug_info)
 .debug_info    0x00000000      0x2b3 main.o
 *(.gnu.linkonce.wi.*)

.debug_abbrev   0x00000000      0x12b
 *(.debug_abbrev)
 .debug_abbrev  0x00000000      0x12b main.o

.debug_line     0x00000000       0x8c
 *(.debug_line)
 .debug_line    0x00000000       0x8c main.o

.debug_frame    0x00000000       0x34
 *(.debug_frame)
 .debug_frame   0x00000000       0x34 main.o

.debug_str      0x00000000      0x117
 *(.debug_str)
 .debug_str     0x00000000      0x117 main.o
                                0x150 (size before relaxing)

.debug_loc      0x00000000       0x8a
 *(.debug_loc)
 .debug_loc     0x00000000       0x8a main.o

.debug_macinfo
 *(.debug_macinfo)
OUTPUT(main.elf elf32-avr)
LOAD linker stubs

.debug_ranges   0x00000000       0x10
 .debug_ranges  0x00000000       0x10 main.o

Cross Reference Table

Symbol                                            File
__bad_interrupt                                   /usr/lib/gcc/avr/4.7.2/../../../avr/lib/avr5/crtm328p.o
__data_end                                        /usr/lib/gcc/avr/4.7.2/avr5/libgcc.a(_copy_data.o)
__data_load_start                                 /usr/lib/gcc/avr/4.7.2/avr5/libgcc.a(_copy_data.o)
__data_start                                      /usr/lib/gcc/avr/4.7.2/avr5/libgcc.a(_copy_data.o)
__do_copy_data                                    /usr/lib/gcc/avr/4.7.2/avr5/libgcc.a(_copy_data.o)
                                                  main.o
__epilogue_restores__                             /usr/lib/gcc/avr/4.7.2/avr5/libgcc.a(_epilogue.o)
                                                  /usr/lib/gcc/avr/4.7.2/../../../avr/lib/avr5/libc.a(vfprintf_std.o)
                                                  /usr/lib/gcc/avr/4.7.2/../../../avr/lib/avr5/libc.a(sprintf.o)
__heap_end                                        /usr/lib/gcc/avr/4.7.2/../../../avr/lib/avr5/crtm328p.o
__init                                            /usr/lib/gcc/avr/4.7.2/../../../avr/lib/avr5/crtm328p.o
__prologue_saves__                                /usr/lib/gcc/avr/4.7.2/avr5/libgcc.a(_prologue.o)
                                                  /usr/lib/gcc/avr/4.7.2/../../../avr/lib/avr5/libc.a(vfprintf_std.o)
                                                  /usr/lib/gcc/avr/4.7.2/../../../avr/lib/avr5/libc.a(sprintf.o)
__stack                                           /usr/lib/gcc/avr/4.7.2/../../../avr/lib/avr5/crtm328p.o
__ultoa_invert                                    /usr/lib/gcc/avr/4.7.2/../../../avr/lib/avr5/libc.a(ultoa_invert.o)
                                                  /usr/lib/gcc/avr/4.7.2/../../../avr/lib/avr5/libc.a(vfprintf_std.o)
__vector_1                                        /usr/lib/gcc/avr/4.7.2/../../../avr/lib/avr5/crtm328p.o
__vector_10                                       /usr/lib/gcc/avr/4.7.2/../../../avr/lib/avr5/crtm328p.o
__vector_11                                       /usr/lib/gcc/avr/4.7.2/../../../avr/lib/avr5/crtm328p.o
__vector_12                                       /usr/lib/gcc/avr/4.7.2/../../../avr/lib/avr5/crtm328p.o
__vector_13                                       /usr/lib/gcc/avr/4.7.2/../../../avr/lib/avr5/crtm328p.o
__vector_14                                       /usr/lib/gcc/avr/4.7.2/../../../avr/lib/avr5/crtm328p.o
__vector_15                                       /usr/lib/gcc/avr/4.7.2/../../../avr/lib/avr5/crtm328p.o
__vector_16                                       /usr/lib/gcc/avr/4.7.2/../../../avr/lib/avr5/crtm328p.o
__vector_17                                       /usr/lib/gcc/avr/4.7.2/../../../avr/lib/avr5/crtm328p.o
__vector_18                                       /usr/lib/gcc/avr/4.7.2/../../../avr/lib/avr5/crtm328p.o
__vector_19                                       /usr/lib/gcc/avr/4.7.2/../../../avr/lib/avr5/crtm328p.o
__vector_2                                        /usr/lib/gcc/avr/4.7.2/../../../avr/lib/avr5/crtm328p.o
__vector_20                                       /usr/lib/gcc/avr/4.7.2/../../../avr/lib/avr5/crtm328p.o
__vector_21                                       /usr/lib/gcc/avr/4.7.2/../../../avr/lib/avr5/crtm328p.o
__vector_22                                       /usr/lib/gcc/avr/4.7.2/../../../avr/lib/avr5/crtm328p.o
__vector_23                                       /usr/lib/gcc/avr/4.7.2/../../../avr/lib/avr5/crtm328p.o
__vector_24                                       /usr/lib/gcc/avr/4.7.2/../../../avr/lib/avr5/crtm328p.o
__vector_25                                       /usr/lib/gcc/avr/4.7.2/../../../avr/lib/avr5/crtm328p.o
__vector_3                                        /usr/lib/gcc/avr/4.7.2/../../../avr/lib/avr5/crtm328p.o
__vector_4                                        /usr/lib/gcc/avr/4.7.2/../../../avr/lib/avr5/crtm328p.o
__vector_5                                        /usr/lib/gcc/avr/4.7.2/../../../avr/lib/avr5/crtm328p.o
__vector_6                                        /usr/lib/gcc/avr/4.7.2/../../../avr/lib/avr5/crtm328p.o
__vector_7                                        /usr/lib/gcc/avr/4.7.2/../../../avr/lib/avr5/crtm328p.o
__vector_8                                        /usr/lib/gcc/avr/4.7.2/../../../avr/lib/avr5/crtm328p.o
__vector_9                                        /usr/lib/gcc/avr/4.7.2/../../../avr/lib/avr5/crtm328p.o
__vector_default                                  /usr/lib/gcc/avr/4.7.2/../../../avr/lib/avr5/crtm328p.o
__vectors                                         /usr/lib/gcc/avr/4.7.2/../../../avr/lib/avr5/crtm328p.o
_exit                                             /usr/lib/gcc/avr/4.7.2/avr5/libgcc.a(_exit.o)
control_motor_1                                   main.o
exit                                              /usr/lib/gcc/avr/4.7.2/avr5/libgcc.a(_exit.o)
                                                  /usr/lib/gcc/avr/4.7.2/../../../avr/lib/avr5/crtm328p.o
fputc                                             /usr/lib/gcc/avr/4.7.2/../../../avr/lib/avr5/libc.a(fputc.o)
                                                  /usr/lib/gcc/avr/4.7.2/../../../avr/lib/avr5/libc.a(vfprintf_std.o)
init_motor_1                                      main.o
init_servo_1                                      main.o
init_uart                                         main.o
main                                              main.o
                                                  /usr/lib/gcc/avr/4.7.2/../../../avr/lib/avr5/crtm328p.o
receive_uart                                      main.o
sprintf                                           /usr/lib/gcc/avr/4.7.2/../../../avr/lib/avr5/libc.a(sprintf.o)
                                                  main.o
strnlen                                           /usr/lib/gcc/avr/4.7.2/../../../avr/lib/avr5/libc.a(strnlen.o)
                                                  /usr/lib/gcc/avr/4.7.2/../../../avr/lib/avr5/libc.a(vfprintf_std.o)
strnlen_P                                         /usr/lib/gcc/avr/4.7.2/../../../avr/lib/avr5/libc.a(strnlen_P.o)
                                                  /usr/lib/gcc/avr/4.7.2/../../../avr/lib/avr5/libc.a(vfprintf_std.o)
transmit_uart                                     main.o
transmit_uart_string                              main.o
vfprintf                                          /usr/lib/gcc/avr/4.7.2/../../../avr/lib/avr5/libc.a(vfprintf_std.o)
                                                  /usr/lib/gcc/avr/4.7.2/../../../avr/lib/avr5/libc.a(sprintf.o)
