Archive member included because of file (symbol)

c:/program files (x86)/atmel/atmel toolchain/avr8 gcc/native/3.4.1056/avr8-gnu-toolchain/bin/../lib/gcc/avr/4.8.1/avr5\libgcc.a(_exit.o)
                              c:/program files (x86)/atmel/atmel toolchain/avr8 gcc/native/3.4.1056/avr8-gnu-toolchain/bin/../lib/gcc/avr/4.8.1/../../../../avr/lib/avr5/crtm328p.o (exit)
c:/program files (x86)/atmel/atmel toolchain/avr8 gcc/native/3.4.1056/avr8-gnu-toolchain/bin/../lib/gcc/avr/4.8.1/avr5\libgcc.a(_tablejump.o)
                              FernbediennungV2.o (__tablejump2__)
c:/program files (x86)/atmel/atmel toolchain/avr8 gcc/native/3.4.1056/avr8-gnu-toolchain/bin/../lib/gcc/avr/4.8.1/avr5\libgcc.a(_copy_data.o)
                              FernbediennungV2.o (__do_copy_data)
c:/program files (x86)/atmel/atmel toolchain/avr8 gcc/native/3.4.1056/avr8-gnu-toolchain/bin/../lib/gcc/avr/4.8.1/avr5\libgcc.a(_clear_bss.o)
                              FernbediennungV2.o (__do_clear_bss)
c:/program files (x86)/atmel/atmel toolchain/avr8 gcc/native/3.4.1056/avr8-gnu-toolchain/bin/../lib/gcc/avr/4.8.1/avr5\libgcc.a(_umulhisi3.o)
                              FernbediennungV2.o (__umulhisi3)

Allocating common symbols
Common symbol       size              file

temp                0x1               FernbediennungV2.o
data_array          0x6               FernbediennungV2.o
payload_len         0x1               nrf24.o

Discarded input sections

 .bss           0x00000000        0x0 c:/program files (x86)/atmel/atmel toolchain/avr8 gcc/native/3.4.1056/avr8-gnu-toolchain/bin/../lib/gcc/avr/4.8.1/../../../../avr/lib/avr5/crtm328p.o
 .text          0x00000000        0x0 FernbediennungV2.o
 .bss           0x00000000        0x0 FernbediennungV2.o
 .text.i2c_stop
                0x00000000        0x8 FernbediennungV2.o
 .text.ssd1306_data
                0x00000000        0xc FernbediennungV2.o
 .text.SPI_Init
                0x00000000       0x18 FernbediennungV2.o
 .text.SPI_tranceive
                0x00000000        0xe FernbediennungV2.o
 .text.SPI_radi_sync
                0x00000000       0x16 FernbediennungV2.o
 .text.radio_init
                0x00000000      0x104 FernbediennungV2.o
 .text.receive_mode
                0x00000000       0x14 FernbediennungV2.o
 .text.receive_data
                0x00000000       0xb8 FernbediennungV2.o
 .text.transmit_mode
                0x00000000       0x46 FernbediennungV2.o
 .text.decode   0x00000000       0x58 FernbediennungV2.o
 .text.rf_receive
                0x00000000       0x3c FernbediennungV2.o
 .bss.q         0x00000000        0x1 FernbediennungV2.o
 .bss.transmit  0x00000000        0x2 FernbediennungV2.o
 .bss.m_data2   0x00000000        0x2 FernbediennungV2.o
 .bss.m_data1   0x00000000        0x2 FernbediennungV2.o
 .bss.motordata
                0x00000000        0x4 FernbediennungV2.o
 .bss.r_data5   0x00000000        0x1 FernbediennungV2.o
 .bss.r_data4   0x00000000        0x1 FernbediennungV2.o
 .bss.r_data3   0x00000000        0x1 FernbediennungV2.o
 .bss.r_data2   0x00000000        0x1 FernbediennungV2.o
 .bss.r_data1   0x00000000        0x1 FernbediennungV2.o
 .text          0x00000000        0x0 nrf24.o
 .bss           0x00000000        0x0 nrf24.o
 .text.nrf24_payload_length
                0x00000000        0x6 nrf24.o
 .text.nrf24_payloadLength
                0x00000000       0x22 nrf24.o
 .text.nrf24_getData
                0x00000000       0x32 nrf24.o
 .text.nrf24_rxFifoEmpty
                0x00000000       0x24 nrf24.o
 .text.nrf24_dataReady
                0x00000000       0x1c nrf24.o
 .text          0x00000000        0x0 radioPinFunctions.o
 .bss           0x00000000        0x0 radioPinFunctions.o
 .text          0x00000000        0x0 c:/program files (x86)/atmel/atmel toolchain/avr8 gcc/native/3.4.1056/avr8-gnu-toolchain/bin/../lib/gcc/avr/4.8.1/avr5\libgcc.a(_exit.o)
 .bss           0x00000000        0x0 c:/program files (x86)/atmel/atmel toolchain/avr8 gcc/native/3.4.1056/avr8-gnu-toolchain/bin/../lib/gcc/avr/4.8.1/avr5\libgcc.a(_exit.o)
 .text.libgcc.mul
                0x00000000        0x0 c:/program files (x86)/atmel/atmel toolchain/avr8 gcc/native/3.4.1056/avr8-gnu-toolchain/bin/../lib/gcc/avr/4.8.1/avr5\libgcc.a(_exit.o)
 .text.libgcc.div
                0x00000000        0x0 c:/program files (x86)/atmel/atmel toolchain/avr8 gcc/native/3.4.1056/avr8-gnu-toolchain/bin/../lib/gcc/avr/4.8.1/avr5\libgcc.a(_exit.o)
 .text.libgcc   0x00000000        0x0 c:/program files (x86)/atmel/atmel toolchain/avr8 gcc/native/3.4.1056/avr8-gnu-toolchain/bin/../lib/gcc/avr/4.8.1/avr5\libgcc.a(_exit.o)
 .text.libgcc.prologue
                0x00000000        0x0 c:/program files (x86)/atmel/atmel toolchain/avr8 gcc/native/3.4.1056/avr8-gnu-toolchain/bin/../lib/gcc/avr/4.8.1/avr5\libgcc.a(_exit.o)
 .text.libgcc.builtins
                0x00000000        0x0 c:/program files (x86)/atmel/atmel toolchain/avr8 gcc/native/3.4.1056/avr8-gnu-toolchain/bin/../lib/gcc/avr/4.8.1/avr5\libgcc.a(_exit.o)
 .text.libgcc.fmul
                0x00000000        0x0 c:/program files (x86)/atmel/atmel toolchain/avr8 gcc/native/3.4.1056/avr8-gnu-toolchain/bin/../lib/gcc/avr/4.8.1/avr5\libgcc.a(_exit.o)
 .text.libgcc.fixed
                0x00000000        0x0 c:/program files (x86)/atmel/atmel toolchain/avr8 gcc/native/3.4.1056/avr8-gnu-toolchain/bin/../lib/gcc/avr/4.8.1/avr5\libgcc.a(_exit.o)
 .text          0x00000000        0x0 c:/program files (x86)/atmel/atmel toolchain/avr8 gcc/native/3.4.1056/avr8-gnu-toolchain/bin/../lib/gcc/avr/4.8.1/avr5\libgcc.a(_tablejump.o)
 .bss           0x00000000        0x0 c:/program files (x86)/atmel/atmel toolchain/avr8 gcc/native/3.4.1056/avr8-gnu-toolchain/bin/../lib/gcc/avr/4.8.1/avr5\libgcc.a(_tablejump.o)
 .text.libgcc.mul
                0x00000000        0x0 c:/program files (x86)/atmel/atmel toolchain/avr8 gcc/native/3.4.1056/avr8-gnu-toolchain/bin/../lib/gcc/avr/4.8.1/avr5\libgcc.a(_tablejump.o)
 .text.libgcc.div
                0x00000000        0x0 c:/program files (x86)/atmel/atmel toolchain/avr8 gcc/native/3.4.1056/avr8-gnu-toolchain/bin/../lib/gcc/avr/4.8.1/avr5\libgcc.a(_tablejump.o)
 .text.libgcc.prologue
                0x00000000        0x0 c:/program files (x86)/atmel/atmel toolchain/avr8 gcc/native/3.4.1056/avr8-gnu-toolchain/bin/../lib/gcc/avr/4.8.1/avr5\libgcc.a(_tablejump.o)
 .text.libgcc.builtins
                0x00000000        0x0 c:/program files (x86)/atmel/atmel toolchain/avr8 gcc/native/3.4.1056/avr8-gnu-toolchain/bin/../lib/gcc/avr/4.8.1/avr5\libgcc.a(_tablejump.o)
 .text.libgcc.fmul
                0x00000000        0x0 c:/program files (x86)/atmel/atmel toolchain/avr8 gcc/native/3.4.1056/avr8-gnu-toolchain/bin/../lib/gcc/avr/4.8.1/avr5\libgcc.a(_tablejump.o)
 .text.libgcc.fixed
                0x00000000        0x0 c:/program files (x86)/atmel/atmel toolchain/avr8 gcc/native/3.4.1056/avr8-gnu-toolchain/bin/../lib/gcc/avr/4.8.1/avr5\libgcc.a(_tablejump.o)
 .text          0x00000000        0x0 c:/program files (x86)/atmel/atmel toolchain/avr8 gcc/native/3.4.1056/avr8-gnu-toolchain/bin/../lib/gcc/avr/4.8.1/avr5\libgcc.a(_copy_data.o)
 .bss           0x00000000        0x0 c:/program files (x86)/atmel/atmel toolchain/avr8 gcc/native/3.4.1056/avr8-gnu-toolchain/bin/../lib/gcc/avr/4.8.1/avr5\libgcc.a(_copy_data.o)
 .text.libgcc.mul
                0x00000000        0x0 c:/program files (x86)/atmel/atmel toolchain/avr8 gcc/native/3.4.1056/avr8-gnu-toolchain/bin/../lib/gcc/avr/4.8.1/avr5\libgcc.a(_copy_data.o)
 .text.libgcc.div
                0x00000000        0x0 c:/program files (x86)/atmel/atmel toolchain/avr8 gcc/native/3.4.1056/avr8-gnu-toolchain/bin/../lib/gcc/avr/4.8.1/avr5\libgcc.a(_copy_data.o)
 .text.libgcc   0x00000000        0x0 c:/program files (x86)/atmel/atmel toolchain/avr8 gcc/native/3.4.1056/avr8-gnu-toolchain/bin/../lib/gcc/avr/4.8.1/avr5\libgcc.a(_copy_data.o)
 .text.libgcc.prologue
                0x00000000        0x0 c:/program files (x86)/atmel/atmel toolchain/avr8 gcc/native/3.4.1056/avr8-gnu-toolchain/bin/../lib/gcc/avr/4.8.1/avr5\libgcc.a(_copy_data.o)
 .text.libgcc.builtins
                0x00000000        0x0 c:/program files (x86)/atmel/atmel toolchain/avr8 gcc/native/3.4.1056/avr8-gnu-toolchain/bin/../lib/gcc/avr/4.8.1/avr5\libgcc.a(_copy_data.o)
 .text.libgcc.fmul
                0x00000000        0x0 c:/program files (x86)/atmel/atmel toolchain/avr8 gcc/native/3.4.1056/avr8-gnu-toolchain/bin/../lib/gcc/avr/4.8.1/avr5\libgcc.a(_copy_data.o)
 .text.libgcc.fixed
                0x00000000        0x0 c:/program files (x86)/atmel/atmel toolchain/avr8 gcc/native/3.4.1056/avr8-gnu-toolchain/bin/../lib/gcc/avr/4.8.1/avr5\libgcc.a(_copy_data.o)
 .text          0x00000000        0x0 c:/program files (x86)/atmel/atmel toolchain/avr8 gcc/native/3.4.1056/avr8-gnu-toolchain/bin/../lib/gcc/avr/4.8.1/avr5\libgcc.a(_clear_bss.o)
 .bss           0x00000000        0x0 c:/program files (x86)/atmel/atmel toolchain/avr8 gcc/native/3.4.1056/avr8-gnu-toolchain/bin/../lib/gcc/avr/4.8.1/avr5\libgcc.a(_clear_bss.o)
 .text.libgcc.mul
                0x00000000        0x0 c:/program files (x86)/atmel/atmel toolchain/avr8 gcc/native/3.4.1056/avr8-gnu-toolchain/bin/../lib/gcc/avr/4.8.1/avr5\libgcc.a(_clear_bss.o)
 .text.libgcc.div
                0x00000000        0x0 c:/program files (x86)/atmel/atmel toolchain/avr8 gcc/native/3.4.1056/avr8-gnu-toolchain/bin/../lib/gcc/avr/4.8.1/avr5\libgcc.a(_clear_bss.o)
 .text.libgcc   0x00000000        0x0 c:/program files (x86)/atmel/atmel toolchain/avr8 gcc/native/3.4.1056/avr8-gnu-toolchain/bin/../lib/gcc/avr/4.8.1/avr5\libgcc.a(_clear_bss.o)
 .text.libgcc.prologue
                0x00000000        0x0 c:/program files (x86)/atmel/atmel toolchain/avr8 gcc/native/3.4.1056/avr8-gnu-toolchain/bin/../lib/gcc/avr/4.8.1/avr5\libgcc.a(_clear_bss.o)
 .text.libgcc.builtins
                0x00000000        0x0 c:/program files (x86)/atmel/atmel toolchain/avr8 gcc/native/3.4.1056/avr8-gnu-toolchain/bin/../lib/gcc/avr/4.8.1/avr5\libgcc.a(_clear_bss.o)
 .text.libgcc.fmul
                0x00000000        0x0 c:/program files (x86)/atmel/atmel toolchain/avr8 gcc/native/3.4.1056/avr8-gnu-toolchain/bin/../lib/gcc/avr/4.8.1/avr5\libgcc.a(_clear_bss.o)
 .text.libgcc.fixed
                0x00000000        0x0 c:/program files (x86)/atmel/atmel toolchain/avr8 gcc/native/3.4.1056/avr8-gnu-toolchain/bin/../lib/gcc/avr/4.8.1/avr5\libgcc.a(_clear_bss.o)
 .text          0x00000000        0x0 c:/program files (x86)/atmel/atmel toolchain/avr8 gcc/native/3.4.1056/avr8-gnu-toolchain/bin/../lib/gcc/avr/4.8.1/avr5\libgcc.a(_umulhisi3.o)
 .bss           0x00000000        0x0 c:/program files (x86)/atmel/atmel toolchain/avr8 gcc/native/3.4.1056/avr8-gnu-toolchain/bin/../lib/gcc/avr/4.8.1/avr5\libgcc.a(_umulhisi3.o)
 .text.libgcc.div
                0x00000000        0x0 c:/program files (x86)/atmel/atmel toolchain/avr8 gcc/native/3.4.1056/avr8-gnu-toolchain/bin/../lib/gcc/avr/4.8.1/avr5\libgcc.a(_umulhisi3.o)
 .text.libgcc   0x00000000        0x0 c:/program files (x86)/atmel/atmel toolchain/avr8 gcc/native/3.4.1056/avr8-gnu-toolchain/bin/../lib/gcc/avr/4.8.1/avr5\libgcc.a(_umulhisi3.o)
 .text.libgcc.prologue
                0x00000000        0x0 c:/program files (x86)/atmel/atmel toolchain/avr8 gcc/native/3.4.1056/avr8-gnu-toolchain/bin/../lib/gcc/avr/4.8.1/avr5\libgcc.a(_umulhisi3.o)
 .text.libgcc.builtins
                0x00000000        0x0 c:/program files (x86)/atmel/atmel toolchain/avr8 gcc/native/3.4.1056/avr8-gnu-toolchain/bin/../lib/gcc/avr/4.8.1/avr5\libgcc.a(_umulhisi3.o)
 .text.libgcc.fmul
                0x00000000        0x0 c:/program files (x86)/atmel/atmel toolchain/avr8 gcc/native/3.4.1056/avr8-gnu-toolchain/bin/../lib/gcc/avr/4.8.1/avr5\libgcc.a(_umulhisi3.o)
 .text.libgcc.fixed
                0x00000000        0x0 c:/program files (x86)/atmel/atmel toolchain/avr8 gcc/native/3.4.1056/avr8-gnu-toolchain/bin/../lib/gcc/avr/4.8.1/avr5\libgcc.a(_umulhisi3.o)

Memory Configuration

Name             Origin             Length             Attributes
text             0x00000000         0x00020000         xr
data             0x00800060         0x0000ffa0         rw !x
eeprom           0x00810000         0x00010000         rw !x
fuse             0x00820000         0x00000400         rw !x
lock             0x00830000         0x00000400         rw !x
signature        0x00840000         0x00000400         rw !x
user_signatures  0x00850000         0x00000400         rw !x
*default*        0x00000000         0xffffffff

Linker script and memory map

Address of section .data set to 0x800100
LOAD c:/program files (x86)/atmel/atmel toolchain/avr8 gcc/native/3.4.1056/avr8-gnu-toolchain/bin/../lib/gcc/avr/4.8.1/../../../../avr/lib/avr5/crtm328p.o
LOAD FernbediennungV2.o
LOAD nrf24.o
LOAD radioPinFunctions.o
START GROUP
LOAD c:/program files (x86)/atmel/atmel toolchain/avr8 gcc/native/3.4.1056/avr8-gnu-toolchain/bin/../lib/gcc/avr/4.8.1/../../../../avr/lib/avr5\libm.a
END GROUP
START GROUP
LOAD c:/program files (x86)/atmel/atmel toolchain/avr8 gcc/native/3.4.1056/avr8-gnu-toolchain/bin/../lib/gcc/avr/4.8.1/avr5\libgcc.a
LOAD c:/program files (x86)/atmel/atmel toolchain/avr8 gcc/native/3.4.1056/avr8-gnu-toolchain/bin/../lib/gcc/avr/4.8.1/../../../../avr/lib/avr5\libm.a
LOAD c:/program files (x86)/atmel/atmel toolchain/avr8 gcc/native/3.4.1056/avr8-gnu-toolchain/bin/../lib/gcc/avr/4.8.1/../../../../avr/lib/avr5\libc.a
END GROUP

.hash
 *(.hash)

.dynsym
 *(.dynsym)

.dynstr
 *(.dynstr)

.gnu.version
 *(.gnu.version)

.gnu.version_d
 *(.gnu.version_d)

.gnu.version_r
 *(.gnu.version_r)

.rel.init
 *(.rel.init)

.rela.init
 *(.rela.init)

.rel.text
 *(.rel.text)
 *(.rel.text.*)
 *(.rel.gnu.linkonce.t*)

.rela.text
 *(.rela.text)
 *(.rela.text.*)
 *(.rela.gnu.linkonce.t*)

.rel.fini
 *(.rel.fini)

.rela.fini
 *(.rela.fini)

.rel.rodata
 *(.rel.rodata)
 *(.rel.rodata.*)
 *(.rel.gnu.linkonce.r*)

.rela.rodata
 *(.rela.rodata)
 *(.rela.rodata.*)
 *(.rela.gnu.linkonce.r*)

.rel.data
 *(.rel.data)
 *(.rel.data.*)
 *(.rel.gnu.linkonce.d*)

.rela.data
 *(.rela.data)
 *(.rela.data.*)
 *(.rela.gnu.linkonce.d*)

.rel.ctors
 *(.rel.ctors)

.rela.ctors
 *(.rela.ctors)

.rel.dtors
 *(.rel.dtors)

.rela.dtors
 *(.rela.dtors)

.rel.got
 *(.rel.got)

.rela.got
 *(.rela.got)

.rel.bss
 *(.rel.bss)

.rela.bss
 *(.rela.bss)

.rel.plt
 *(.rel.plt)

.rela.plt
 *(.rela.plt)

.text           0x00000000     0x17e2
 *(.vectors)
 .vectors       0x00000000       0x68 c:/program files (x86)/atmel/atmel toolchain/avr8 gcc/native/3.4.1056/avr8-gnu-toolchain/bin/../lib/gcc/avr/4.8.1/../../../../avr/lib/avr5/crtm328p.o
                0x00000000                __vector_default
                0x00000000                __vectors
 *(.vectors)
 *(.progmem.gcc*)
 .progmem.gcc_sw_table.Ausgabe
                0x00000068       0x3c FernbediennungV2.o
                0x000000a4                . = ALIGN (0x2)
                0x000000a4                __trampolines_start = .
 *(.trampolines)
 .trampolines   0x000000a4        0x0 linker stubs
 *(.trampolines*)
                0x000000a4                __trampolines_end = .
 *(.progmem*)
                0x000000a4                . = ALIGN (0x2)
 *(.jumptables)
 *(.jumptables*)
 *(.lowtext)
 *(.lowtext*)
                0x000000a4                __ctors_start = .
 *(.ctors)
                0x000000a4                __ctors_end = .
                0x000000a4                __dtors_start = .
 *(.dtors)
                0x000000a4                __dtors_end = .
 SORT(*)(.ctors)
 SORT(*)(.dtors)
 *(.init0)
 .init0         0x000000a4        0x0 c:/program files (x86)/atmel/atmel toolchain/avr8 gcc/native/3.4.1056/avr8-gnu-toolchain/bin/../lib/gcc/avr/4.8.1/../../../../avr/lib/avr5/crtm328p.o
                0x000000a4                __init
 *(.init0)
 *(.init1)
 *(.init1)
 *(.init2)
 .init2         0x000000a4        0xc c:/program files (x86)/atmel/atmel toolchain/avr8 gcc/native/3.4.1056/avr8-gnu-toolchain/bin/../lib/gcc/avr/4.8.1/../../../../avr/lib/avr5/crtm328p.o
 *(.init2)
 *(.init3)
 *(.init3)
 *(.init4)
 .init4         0x000000b0       0x16 c:/program files (x86)/atmel/atmel toolchain/avr8 gcc/native/3.4.1056/avr8-gnu-toolchain/bin/../lib/gcc/avr/4.8.1/avr5\libgcc.a(_copy_data.o)
                0x000000b0                __do_copy_data
 .init4         0x000000c6       0x10 c:/program files (x86)/atmel/atmel toolchain/avr8 gcc/native/3.4.1056/avr8-gnu-toolchain/bin/../lib/gcc/avr/4.8.1/avr5\libgcc.a(_clear_bss.o)
                0x000000c6                __do_clear_bss
 *(.init4)
 *(.init5)
 *(.init5)
 *(.init6)
 *(.init6)
 *(.init7)
 *(.init7)
 *(.init8)
 *(.init8)
 *(.init9)
 .init9         0x000000d6        0x8 c:/program files (x86)/atmel/atmel toolchain/avr8 gcc/native/3.4.1056/avr8-gnu-toolchain/bin/../lib/gcc/avr/4.8.1/../../../../avr/lib/avr5/crtm328p.o
 *(.init9)
 *(.text)
 .text          0x000000de        0x4 c:/program files (x86)/atmel/atmel toolchain/avr8 gcc/native/3.4.1056/avr8-gnu-toolchain/bin/../lib/gcc/avr/4.8.1/../../../../avr/lib/avr5/crtm328p.o
                0x000000de                __vector_22
                0x000000de                __vector_1
                0x000000de                __vector_24
                0x000000de                __vector_12
                0x000000de                __bad_interrupt
                0x000000de                __vector_6
                0x000000de                __vector_3
                0x000000de                __vector_23
                0x000000de                __vector_25
                0x000000de                __vector_11
                0x000000de                __vector_13
                0x000000de                __vector_17
                0x000000de                __vector_19
                0x000000de                __vector_7
                0x000000de                __vector_5
                0x000000de                __vector_4
                0x000000de                __vector_9
                0x000000de                __vector_2
                0x000000de                __vector_21
                0x000000de                __vector_15
                0x000000de                __vector_8
                0x000000de                __vector_14
                0x000000de                __vector_10
                0x000000de                __vector_16
                0x000000de                __vector_18
                0x000000de                __vector_20
                0x000000e2                . = ALIGN (0x2)
 *(.text.*)
 .text.PORT_init
                0x000000e2        0x8 FernbediennungV2.o
                0x000000e2                PORT_init
 .text.i2c_start
                0x000000ea       0x12 FernbediennungV2.o
                0x000000ea                i2c_start
 .text.i2c_write
                0x000000fc       0x56 FernbediennungV2.o
                0x000000fc                i2c_write
 .text.i2c_write_wo
                0x00000152       0x16 FernbediennungV2.o
                0x00000152                i2c_write_wo
 .text.ssd1306_command
                0x00000168        0xc FernbediennungV2.o
                0x00000168                ssd1306_command
 .text.ssd1306_init
                0x00000174      0x100 FernbediennungV2.o
                0x00000174                ssd1306_init
 .text.Display_out
                0x00000274      0x224 FernbediennungV2.o
                0x00000274                Display_out
 .text.Ausgabe  0x00000498      0xe2a FernbediennungV2.o
                0x00000498                Ausgabe
 .text.InitADC  0x000012c2       0x16 FernbediennungV2.o
                0x000012c2                InitADC
 .text.ReadADC  0x000012d8       0x28 FernbediennungV2.o
                0x000012d8                ReadADC
 .text.transmiter
                0x00001300      0x106 FernbediennungV2.o
                0x00001300                transmiter
 .text.main     0x00001406       0x3c FernbediennungV2.o
                0x00001406                main
 .text.nrf24_init
                0x00001442       0x12 nrf24.o
                0x00001442                nrf24_init
 .text.spi_transfer
                0x00001454       0x68 nrf24.o
                0x00001454                spi_transfer
 .text.nrf24_getStatus
                0x000014bc       0x1c nrf24.o
                0x000014bc                nrf24_getStatus
 .text.nrf24_isSending
                0x000014d8       0x10 nrf24.o
                0x000014d8                nrf24_isSending
 .text.nrf24_lastMessageStatus
                0x000014e8       0x18 nrf24.o
                0x000014e8                nrf24_lastMessageStatus
 .text.nrf24_transferSync
                0x00001500       0x3c nrf24.o
                0x00001500                nrf24_transferSync
 .text.nrf24_transmitSync
                0x0000153c       0x2a nrf24.o
                0x0000153c                nrf24_transmitSync
 .text.nrf24_configRegister
                0x00001566       0x2a nrf24.o
                0x00001566                nrf24_configRegister
 .text.nrf24_powerUpRx
                0x00001590       0x30 nrf24.o
                0x00001590                nrf24_powerUpRx
 .text.nrf24_config
                0x000015c0       0x74 nrf24.o
                0x000015c0                nrf24_config
 .text.nrf24_powerUpTx
                0x00001634       0x12 nrf24.o
                0x00001634                nrf24_powerUpTx
 .text.nrf24_send
                0x00001646       0x4a nrf24.o
                0x00001646                nrf24_send
 .text.nrf24_powerDown
                0x00001690       0x10 nrf24.o
                0x00001690                nrf24_powerDown
 .text.nrf24_readRegister
                0x000016a0       0x36 nrf24.o
                0x000016a0                nrf24_readRegister
 .text.nrf24_retransmissionCount
                0x000016d6       0x24 nrf24.o
                0x000016d6                nrf24_retransmissionCount
 .text.nrf24_writeRegister
                0x000016fa       0x36 nrf24.o
                0x000016fa                nrf24_writeRegister
 .text.nrf24_rx_address
                0x00001730       0x22 nrf24.o
                0x00001730                nrf24_rx_address
 .text.nrf24_tx_address
                0x00001752       0x20 nrf24.o
                0x00001752                nrf24_tx_address
 .text.nrf24_setupPins
                0x00001772        0xc radioPinFunctions.o
                0x00001772                nrf24_setupPins
 .text.nrf24_ce_digitalWrite
                0x0000177e        0xc radioPinFunctions.o
                0x0000177e                nrf24_ce_digitalWrite
 .text.nrf24_csn_digitalWrite
                0x0000178a        0xc radioPinFunctions.o
                0x0000178a                nrf24_csn_digitalWrite
 .text.nrf24_sck_digitalWrite
                0x00001796        0xc radioPinFunctions.o
                0x00001796                nrf24_sck_digitalWrite
 .text.nrf24_mosi_digitalWrite
                0x000017a2        0xc radioPinFunctions.o
                0x000017a2                nrf24_mosi_digitalWrite
 .text.nrf24_miso_digitalRead
                0x000017ae        0x6 radioPinFunctions.o
                0x000017ae                nrf24_miso_digitalRead
 .text.libgcc   0x000017b4        0xc c:/program files (x86)/atmel/atmel toolchain/avr8 gcc/native/3.4.1056/avr8-gnu-toolchain/bin/../lib/gcc/avr/4.8.1/avr5\libgcc.a(_tablejump.o)
                0x000017b4                __tablejump2__
                0x000017b8                __tablejump__
 .text.libgcc.mul
                0x000017c0       0x1e c:/program files (x86)/atmel/atmel toolchain/avr8 gcc/native/3.4.1056/avr8-gnu-toolchain/bin/../lib/gcc/avr/4.8.1/avr5\libgcc.a(_umulhisi3.o)
                0x000017c0                __umulhisi3
                0x000017de                . = ALIGN (0x2)
 *(.fini9)
 .fini9         0x000017de        0x0 c:/program files (x86)/atmel/atmel toolchain/avr8 gcc/native/3.4.1056/avr8-gnu-toolchain/bin/../lib/gcc/avr/4.8.1/avr5\libgcc.a(_exit.o)
                0x000017de                _exit
                0x000017de                exit
 *(.fini9)
 *(.fini8)
 *(.fini8)
 *(.fini7)
 *(.fini7)
 *(.fini6)
 *(.fini6)
 *(.fini5)
 *(.fini5)
 *(.fini4)
 *(.fini4)
 *(.fini3)
 *(.fini3)
 *(.fini2)
 *(.fini2)
 *(.fini1)
 *(.fini1)
 *(.fini0)
 .fini0         0x000017de        0x4 c:/program files (x86)/atmel/atmel toolchain/avr8 gcc/native/3.4.1056/avr8-gnu-toolchain/bin/../lib/gcc/avr/4.8.1/avr5\libgcc.a(_exit.o)
 *(.fini0)
                0x000017e2                _etext = .

.data           0x00800100      0x40a load address 0x000017e2
                0x00800100                PROVIDE (__data_start, .)
 *(.data)
 .data          0x00800100        0x0 c:/program files (x86)/atmel/atmel toolchain/avr8 gcc/native/3.4.1056/avr8-gnu-toolchain/bin/../lib/gcc/avr/4.8.1/../../../../avr/lib/avr5/crtm328p.o
 .data          0x00800100        0x0 FernbediennungV2.o
 .data          0x00800100        0x0 nrf24.o
 .data          0x00800100        0x0 radioPinFunctions.o
 .data          0x00800100        0x0 c:/program files (x86)/atmel/atmel toolchain/avr8 gcc/native/3.4.1056/avr8-gnu-toolchain/bin/../lib/gcc/avr/4.8.1/avr5\libgcc.a(_exit.o)
 .data          0x00800100        0x0 c:/program files (x86)/atmel/atmel toolchain/avr8 gcc/native/3.4.1056/avr8-gnu-toolchain/bin/../lib/gcc/avr/4.8.1/avr5\libgcc.a(_tablejump.o)
 .data          0x00800100        0x0 c:/program files (x86)/atmel/atmel toolchain/avr8 gcc/native/3.4.1056/avr8-gnu-toolchain/bin/../lib/gcc/avr/4.8.1/avr5\libgcc.a(_copy_data.o)
 .data          0x00800100        0x0 c:/program files (x86)/atmel/atmel toolchain/avr8 gcc/native/3.4.1056/avr8-gnu-toolchain/bin/../lib/gcc/avr/4.8.1/avr5\libgcc.a(_clear_bss.o)
 .data          0x00800100        0x0 c:/program files (x86)/atmel/atmel toolchain/avr8 gcc/native/3.4.1056/avr8-gnu-toolchain/bin/../lib/gcc/avr/4.8.1/avr5\libgcc.a(_umulhisi3.o)
 *(.data*)
 .data.rx_address
                0x00800100        0x5 FernbediennungV2.o
                0x00800100                rx_address
 .data.tx_address
                0x00800105        0x5 FernbediennungV2.o
                0x00800105                tx_address
 .data.car_icon
                0x0080010a      0x400 FernbediennungV2.o
                0x0080010a                car_icon
 *(.rodata)
 *(.rodata*)
 *(.gnu.linkonce.d*)
                0x0080050a                . = ALIGN (0x2)
                0x0080050a                _edata = .
                0x0080050a                PROVIDE (__data_end, .)

.bss            0x0080050a       0x13
                0x0080050a                PROVIDE (__bss_start, .)
 *(.bss)
 *(.bss*)
 .bss.joystick  0x0080050a        0x1 FernbediennungV2.o
                0x0080050a                joystick
 .bss.button    0x0080050b        0x1 FernbediennungV2.o
                0x0080050b                button
 .bss.led       0x0080050c        0x1 FernbediennungV2.o
                0x0080050c                led
 .bss.y2        0x0080050d        0x2 FernbediennungV2.o
                0x0080050d                y2
 .bss.x2        0x0080050f        0x2 FernbediennungV2.o
                0x0080050f                x2
 .bss.y1        0x00800511        0x2 FernbediennungV2.o
                0x00800511                y1
 .bss.x1        0x00800513        0x2 FernbediennungV2.o
                0x00800513                x1
 *(COMMON)
 COMMON         0x00800515        0x7 FernbediennungV2.o
                0x00800515                temp
                0x00800516                data_array
 COMMON         0x0080051c        0x1 nrf24.o
                0x0080051c                payload_len
                0x0080051d                PROVIDE (__bss_end, .)
                0x000017e2                __data_load_start = LOADADDR (.data)
                0x00001bec                __data_load_end = (__data_load_start + SIZEOF (.data))

.noinit         0x0080051d        0x0
                0x0080051d                PROVIDE (__noinit_start, .)
 *(.noinit*)
                0x0080051d                PROVIDE (__noinit_end, .)
                0x0080051d                _end = .
                0x0080051d                PROVIDE (__heap_start, .)

.eeprom         0x00810000        0x0
 *(.eeprom*)
                0x00810000                __eeprom_end = .

.fuse
 *(.fuse)
 *(.lfuse)
 *(.hfuse)
 *(.efuse)

.lock
 *(.lock*)

.signature
 *(.signature*)

.user_signatures
 *(.user_signatures*)

.stab
 *(.stab)

.stabstr
 *(.stabstr)

.stab.excl
 *(.stab.excl)

.stab.exclstr
 *(.stab.exclstr)

.stab.index
 *(.stab.index)

.stab.indexstr
 *(.stab.indexstr)

.comment        0x00000000       0x30
 *(.comment)
 .comment       0x00000000       0x30 FernbediennungV2.o
                                 0x31 (size before relaxing)
 .comment       0x00000000       0x31 nrf24.o
 .comment       0x00000000       0x31 radioPinFunctions.o

.note.gnu.build-id
 *(.note.gnu.build-id)

.debug
 *(.debug)

.line
 *(.line)

.debug_srcinfo
 *(.debug_srcinfo)

.debug_sfnames
 *(.debug_sfnames)

.debug_aranges  0x00000000      0x1e8
 *(.debug_aranges)
 .debug_aranges
                0x00000000       0xd0 FernbediennungV2.o
 .debug_aranges
                0x000000d0       0xd0 nrf24.o
 .debug_aranges
                0x000001a0       0x48 radioPinFunctions.o

.debug_pubnames
 *(.debug_pubnames)

.debug_info     0x00000000     0x2073
 *(.debug_info .gnu.linkonce.wi.*)
 .debug_info    0x00000000     0x1389 FernbediennungV2.o
 .debug_info    0x00001389      0xbaf nrf24.o
 .debug_info    0x00001f38      0x13b radioPinFunctions.o

.debug_abbrev   0x00000000      0x52b
 *(.debug_abbrev)
 .debug_abbrev  0x00000000      0x292 FernbediennungV2.o
 .debug_abbrev  0x00000292      0x209 nrf24.o
 .debug_abbrev  0x0000049b       0x90 radioPinFunctions.o

.debug_line     0x00000000      0xa0f
 *(.debug_line .debug_line.* .debug_line_end)
 .debug_line    0x00000000      0x662 FernbediennungV2.o
 .debug_line    0x00000662      0x29a nrf24.o
 .debug_line    0x000008fc      0x113 radioPinFunctions.o

.debug_frame    0x00000000      0x514
 *(.debug_frame)
 .debug_frame   0x00000000      0x238 FernbediennungV2.o
 .debug_frame   0x00000238      0x268 nrf24.o
 .debug_frame   0x000004a0       0x74 radioPinFunctions.o

.debug_str      0x00000000      0x5e4
 *(.debug_str)
 .debug_str     0x00000000      0x433 FernbediennungV2.o
                                0x495 (size before relaxing)
 .debug_str     0x00000433      0x192 nrf24.o
                                0x3b5 (size before relaxing)
 .debug_str     0x000005c5       0x1f radioPinFunctions.o
                                0x1ed (size before relaxing)

.debug_loc      0x00000000     0x10bf
 *(.debug_loc)
 .debug_loc     0x00000000      0x847 FernbediennungV2.o
 .debug_loc     0x00000847      0x878 nrf24.o

.debug_macinfo
 *(.debug_macinfo)

.debug_weaknames
 *(.debug_weaknames)

.debug_funcnames
 *(.debug_funcnames)

.debug_typenames
 *(.debug_typenames)

.debug_varnames
 *(.debug_varnames)

.debug_pubtypes
 *(.debug_pubtypes)

.debug_ranges   0x00000000      0x218
 *(.debug_ranges)
 .debug_ranges  0x00000000      0x120 FernbediennungV2.o
 .debug_ranges  0x00000120       0xc0 nrf24.o
 .debug_ranges  0x000001e0       0x38 radioPinFunctions.o

.debug_macro
 *(.debug_macro)
OUTPUT(FernbediennungV2.elf elf32-avr)
LOAD linker stubs
